149935,Afzal,Benjamin,C,,EEL,,h149935@stud.hib.no,149935,2015,,HØST,Elektronikk,,,benafzal@broadpark.no
149944,Aqil,Murad,C,,EEL,,h149944@stud.hib.no,149944,2015,,HØST,Elektronikk,,,ma.mard@live.no
148749,Aye,Kay Thwe,C,,EEL,,h148749@stud.hib.no,148749,2015,,HØST,Elektronikk,,,kaythwe.aye@gmail.com
149927,Ayyad,Hammad N M,C,,EEL,,h149927@stud.hib.no,149927,2015,,HØST,Elektronikk,,,zitun.ayad@hotmail.com
149949,Bodova,Tea,C,,EEL,,h149949@stud.hib.no,149949,2015,,HØST,Elektronikk,,,bodova.tea@gmail.com
149940,Borisoff,Magnus Rasch,C,,EEL,,h149940@stud.hib.no,149940,2015,,HØST,Elektronikk,,,bomag@live.no
149928,Breivik,Thomas,C,,EEL,,h149928@stud.hib.no,149928,2015,,HØST,Elektronikk,,,breivikthomas@hotmail.com
149932,Bø,Iver,C,,EEL,,h149932@stud.hib.no,149932,2015,,HØST,Elektronikk,,,iverboe@hotmail.com
149938,Dahle,Viljar,C,,EEL,,h149938@stud.hib.no,149938,2015,,HØST,Elektronikk,,,viljardahle@gmail.com
145209,Eidsvåg,Jon,C,,EEL,,h145209@stud.hib.no,145209,2015,,HØST,Elektronikk,,,jon.eidsvag@gmail.com
149939,Fristad,Andreas Wisnes,C,,EEL,,h149939@stud.hib.no,149939,2015,,HØST,Elektronikk,,,awfristad@hotmail.com
149947,Færø,Sindre Jacobsen,C,,EEL,,h149947@stud.hib.no,149947,2015,,HØST,Elektronikk,,,sindre_jf@hotmail.com
150048,Gustavsen,Renate Dalland,C,,EEL,,h150048@stud.hib.no,150048,2015,,HØST,Elektronikk,,,renate.gustavsen@hotmail.com
146181,Hagen,Joakim Karlsen,C,,EEL,,h146181@stud.hib.no,146181,2015,,HØST,Elektronikk,,,jhag92@gmail.com
149946,Hagen,Siri,C,,EEL,,h149946@stud.hib.no,149946,2015,,HØST,Elektronikk,,,sirihagen@live.no
148040,Herland,Alf Kristoffer,C,,EEL,,h148040@stud.hib.no,148040,2015,,HØST,Elektronikk,,,alf@herland.as
141600,Hetlesæter,Martin,C,,EEL,,h141600@stud.hib.no,141600,2015,,HØST,Elektronikk,,,m.hetle@gmail.com
149951,Holm,Hilde Planke,C,,EEL,,h149951@stud.hib.no,149951,2015,,HØST,Elektronikk,,,hpholm@gmail.com
150687,Hovland,Bjørn Alexander,C,,EEL,,h150687@stud.hib.no,150687,2015,,HØST,Elektronikk,,,alexander_hovland@hotmail.com
149929,Kongsvik,Kjell Andre Hystad,C,,EEL,,h149929@stud.hib.no,149929,2015,,HØST,Elektronikk,,,k.a.kongsvik@gmail.com
149954,Kristensen,Thomas Mæland,C,,EEL,,h149954@stud.hib.no,149954,2015,,HØST,Elektronikk,,,t.kristensen1984@gmail.com
150688,Kyte,Emma,C,,EEL,,h150688@stud.hib.no,150688,2015,,HØST,Elektronikk,,,emkyte@gmail.com
149950,Larsen,Ludvig Antoni Pisani,C,,EEL,,h149950@stud.hib.no,149950,2015,,HØST,Elektronikk,,,ludde_halo@hotmail.com
149942,Machrouh,Yasmina Fatima,C,,EEL,,h149942@stud.hib.no,149942,2015,,HØST,Elektronikk,,,cool_yase@hotmail.fr
149930,Mathiassen,Kristian,C,,EEL,,h149930@stud.hib.no,149930,2015,,HØST,Elektronikk,,,mathiassenkristian@msn.com
149933,Meek,Sindre,C,,EEL,,h149933@stud.hib.no,149933,2015,,HØST,Elektronikk,,,sindre.meek1@gmail.com
150067,Mo,Nikolai,C,,EEL,,h150067@stud.hib.no,150067,2015,,HØST,Elektronikk,,,nikolaimo@hotmail.com
131063,Omdal,Øystein,C,,EEL,,Oystein.Omdal@stud.hib.no,131063,2015,,HØST,Elektronikk,,,oystein.omdal@gmail.com
141596,Opedal,Morten,C,,EEL,,h141596@stud.hib.no,141596,2015,,HØST,Elektronikk,,,morten.opedal94@gmail.com
131785,Rommetveit,Kim Tore,C,,EEL,,Kim.Tore.Rommetveit@stud.hib.no,131785,2015,,HØST,Elektronikk,,,kim_rommetveit@hotmail.com
149956,Rødne,Kristoffer Melhus,C,,EEL,,h149956@stud.hib.no,149956,2015,,HØST,Elektronikk,,,krisrodn@gmail.com
148167,Røttingen,Anders,C,,EEL,,h148167@stud.hib.no,148167,2015,,HØST,Elektronikk,,,anders_r_93@msn.com
149931,Salomonsen,Ørjan,C,,EEL,,h149931@stud.hib.no,149931,2015,,HØST,Elektronikk,,,orjan-salo@hotmail.com
149953,Salvesen,Martin Drange,C,,EEL,,h149953@stud.hib.no,149953,2015,,HØST,Elektronikk,,,martin.salvesen@gmail.com
149952,Sandvik,Martin Kristoffer,C,,EEL,,h149952@stud.hib.no,149952,2015,,HØST,Elektronikk,,,sandviken2@gmail.com
134145,Stavland,Roy Henry,C,,EEL,,h134145@stud.hib.no,134145,2015,,HØST,Elektronikk,,,royhenrystavland@ymail.com
149948,Straume,Eivind,C,,EEL,,h149948@stud.hib.no,149948,2015,,HØST,Elektronikk,,,straumeeivind@gmail.com
149945,Strømsnes,Magne,C,,EEL,,h149945@stud.hib.no,149945,2015,,HØST,Elektronikk,,,alaka2@gmail.com
133977,Sundal,Morten,C,,EEL,,h133977@stud.hib.no,133977,2015,,HØST,Elektronikk,,,mort1.4@hotmail.com
145227,Særsten,Jonas,C,,EEL,,h145227@stud.hib.no,145227,2015,,HØST,Elektronikk,,,jonas.saersten@hotmail.com
149934,Søvik,Joar Moberg,C,,EEL,,h149934@stud.hib.no,149934,2015,,HØST,Elektronikk,,,joar.moberg@gmail.com
149955,Taule,Judit Titland,C,,EEL,,h149955@stud.hib.no,149955,2015,,HØST,Elektronikk,,,donny_96@hotmail.com
150080,Tislevoll,Torgeir Oliver,C,,EEL,,h150080@stud.hib.no,150080,2015,,HØST,Elektronikk,,,torgeir.tislevoll@gmail.com
149937,Tveit,Mari Halldis,C,,EEL,,h149937@stud.hib.no,149937,2015,,HØST,Elektronikk,,,marihalldis@gmail.com
148142,Vereide,Osmund Bjørkum,C,,EEL,,h148142@stud.hib.no,148142,2015,,HØST,Elektronikk,,,osmund.vereide@hotmail.com
143562,Øztan,Erlend,C,,EEL,,h143562@stud.hib.no,143562,2015,,HØST,Elektronikk,,,erlend.oztan@gmail.com
